App.tsx(10584,9): error TS2304: Cannot find name 'setFoundPets'.
scripts/fix_monthly_appointments_pricing.ts(86,37): error TS2339: Property 'enabled' does not exist on type 'unknown'.
scripts/fix_monthly_appointments_pricing.ts(86,56): error TS2339: Property 'quantity' does not exist on type 'unknown'.
scripts/fix_monthly_appointments_pricing.ts(87,44): error TS2339: Property 'value' does not exist on type 'unknown'.
scripts/fix_monthly_appointments_pricing.ts(88,44): error TS2339: Property 'quantity' does not exist on type 'unknown'.
src/components/EditMonthlyClientModal.tsx(201,54): error TS2339: Property 'split' does not exist on type 'never'.
src/components/EditMonthlyClientModal.tsx(365,73): error TS2339: Property 'map' does not exist on type 'Record<PetWeight, string>'.
src/components/EditMonthlyClientModal.tsx(416,72): error TS2339: Property 'GROOMING' does not exist on type 'typeof ServiceType'.
